// Jest Snapshot v1, https://goo.gl/fbAQLP

exports[`<GithubIcon /> renders according to snapshot 1`] = `
ShallowWrapper {
  Symbol(enzyme.__root__): [Circular],
  Symbol(enzyme.__unrendered__): <GithubIcon
    location={
        Object {
            "kind": "load",
            "pathname": "/chapter/15",
            "payload": Object {
              "chapter_id": 15,
            },
            "prev": Object {
              "pathname": "",
              "payload": Object {},
              "type": "",
            },
            "routesMap": Object {
              "AUTH_ROUTE": "/auth/:token/:bounce_path",
              "CHAPTER_ROUTE": "/chapter/:chapter_id",
              "ERROR_ROUTE": "/error",
              "HOME_ROUTE": "/",
            },
            "type": "CHAPTER_ROUTE",
          }
    }
/>,
  Symbol(enzyme.__renderer__): Object {
    "batchedUpdates": [Function],
    "getNode": [Function],
    "render": [Function],
    "simulateError": [Function],
    "simulateEvent": [Function],
    "unmount": [Function],
  },
  Symbol(enzyme.__node__): Object {
    "instance": null,
    "key": undefined,
    "nodeType": "class",
    "props": Object {
      "children": <Icon
        as="i"
        name="github"
        size="big"
        style={
                Object {
                        "marginRight": 0,
                      }
        }
/>,
      "fitted": true,
      "href": "https://github.com/login/oauth/authorize?client_id=a86bc65853ae65d3be52&redirect_uri=http%3A%2F%2Flocalhost%3A3000%2Fapi%2Fgithub%2F%3Fbounce_path%3D%7B%22type%22%3A%22CHAPTER_ROUTE%22%2C%22payload%22%3A%7B%22chapter_id%22%3A15%7D%7D",
      "name": "Sign in with GitHub",
    },
    "ref": null,
    "rendered": Object {
      "instance": null,
      "key": undefined,
      "nodeType": "class",
      "props": Object {
        "as": "i",
        "name": "github",
        "size": "big",
        "style": Object {
          "marginRight": 0,
        },
      },
      "ref": null,
      "rendered": null,
      "type": [Function],
    },
    "type": [Function],
  },
  Symbol(enzyme.__nodes__): Array [
    Object {
      "instance": null,
      "key": undefined,
      "nodeType": "class",
      "props": Object {
        "children": <Icon
          as="i"
          name="github"
          size="big"
          style={
                    Object {
                              "marginRight": 0,
                            }
          }
/>,
        "fitted": true,
        "href": "https://github.com/login/oauth/authorize?client_id=a86bc65853ae65d3be52&redirect_uri=http%3A%2F%2Flocalhost%3A3000%2Fapi%2Fgithub%2F%3Fbounce_path%3D%7B%22type%22%3A%22CHAPTER_ROUTE%22%2C%22payload%22%3A%7B%22chapter_id%22%3A15%7D%7D",
        "name": "Sign in with GitHub",
      },
      "ref": null,
      "rendered": Object {
        "instance": null,
        "key": undefined,
        "nodeType": "class",
        "props": Object {
          "as": "i",
          "name": "github",
          "size": "big",
          "style": Object {
            "marginRight": 0,
          },
        },
        "ref": null,
        "rendered": null,
        "type": [Function],
      },
      "type": [Function],
    },
  ],
  Symbol(enzyme.__options__): Object {
    "adapter": ReactSixteenAdapter {
      "options": Object {
        "enableComponentDidUpdateOnSetState": true,
        "lifecycles": Object {
          "componentDidUpdate": Object {
            "onSetState": true,
          },
          "getDerivedStateFromProps": true,
          "getSnapshotBeforeUpdate": true,
          "setState": Object {
            "skipsComponentDidUpdateOnNullish": true,
          },
        },
      },
    },
  },
}
`;
