// Jest Snapshot v1, https://goo.gl/fbAQLP

exports[`<SideBarSignout /> renders according to snapshot 1`] = `
ShallowWrapper {
  Symbol(enzyme.__root__): [Circular],
  Symbol(enzyme.__unrendered__): <SideBarSignout
    dispatchSignalSignout={[Function]}
    handleCloseClick={[Function]}
    username="TestDude"
/>,
  Symbol(enzyme.__renderer__): Object {
    "batchedUpdates": [Function],
    "getNode": [Function],
    "render": [Function],
    "simulateError": [Function],
    "simulateEvent": [Function],
    "unmount": [Function],
  },
  Symbol(enzyme.__node__): Object {
    "instance": null,
    "key": undefined,
    "nodeType": "class",
    "props": Object {
      "children": <div
        style={
                Object {
                        "color": "#cc0000",
                      }
        }
>
        <Icon
                as="i"
                name="cancel"
        />
        Sign Out
</div>,
      "link": true,
      "name": "Sign Out",
      "onClick": [Function],
    },
    "ref": null,
    "rendered": Object {
      "instance": null,
      "key": undefined,
      "nodeType": "host",
      "props": Object {
        "children": Array [
          <Icon
            as="i"
            name="cancel"
/>,
          "Sign Out",
        ],
        "style": Object {
          "color": "#cc0000",
        },
      },
      "ref": null,
      "rendered": Array [
        Object {
          "instance": null,
          "key": undefined,
          "nodeType": "class",
          "props": Object {
            "as": "i",
            "name": "cancel",
          },
          "ref": null,
          "rendered": null,
          "type": [Function],
        },
        "Sign Out",
      ],
      "type": "div",
    },
    "type": [Function],
  },
  Symbol(enzyme.__nodes__): Array [
    Object {
      "instance": null,
      "key": undefined,
      "nodeType": "class",
      "props": Object {
        "children": <div
          style={
                    Object {
                              "color": "#cc0000",
                            }
          }
>
          <Icon
                    as="i"
                    name="cancel"
          />
          Sign Out
</div>,
        "link": true,
        "name": "Sign Out",
        "onClick": [Function],
      },
      "ref": null,
      "rendered": Object {
        "instance": null,
        "key": undefined,
        "nodeType": "host",
        "props": Object {
          "children": Array [
            <Icon
              as="i"
              name="cancel"
/>,
            "Sign Out",
          ],
          "style": Object {
            "color": "#cc0000",
          },
        },
        "ref": null,
        "rendered": Array [
          Object {
            "instance": null,
            "key": undefined,
            "nodeType": "class",
            "props": Object {
              "as": "i",
              "name": "cancel",
            },
            "ref": null,
            "rendered": null,
            "type": [Function],
          },
          "Sign Out",
        ],
        "type": "div",
      },
      "type": [Function],
    },
  ],
  Symbol(enzyme.__options__): Object {
    "adapter": ReactSixteenAdapter {
      "options": Object {
        "enableComponentDidUpdateOnSetState": true,
        "lifecycles": Object {
          "componentDidUpdate": Object {
            "onSetState": true,
          },
          "getDerivedStateFromProps": true,
          "getSnapshotBeforeUpdate": true,
          "setState": Object {
            "skipsComponentDidUpdateOnNullish": true,
          },
        },
      },
    },
  },
}
`;
