// Jest Snapshot v1, https://goo.gl/fbAQLP

exports[`<ErrorPane /> renders according to snapshot 1`] = `
ShallowWrapper {
  Symbol(enzyme.__root__): [Circular],
  Symbol(enzyme.__unrendered__): <ErrorPane />,
  Symbol(enzyme.__renderer__): Object {
    "batchedUpdates": [Function],
    "getNode": [Function],
    "render": [Function],
    "simulateError": [Function],
    "simulateEvent": [Function],
    "unmount": [Function],
  },
  Symbol(enzyme.__node__): Object {
    "instance": null,
    "key": undefined,
    "nodeType": "host",
    "props": Object {
      "children": <Container
        text={true}
>
        <h1>
                Well Shucks...
        </h1>
        <p>
                This page is where we, unfortunately, make up some cutesy reason to apologize for our site not working at the moment. In any case, we don't seem able to do the things at the moment.
        </p>
        <p>
                How about you 
                <Connect(Link)
                        to={
                                Object {
                                        "type": "HOME_ROUTE",
                                      }
                        }
                >
                        head to the homepage
                </Connect(Link)>
                 and try giving it another go?
        </p>
</Container>,
      "id": "error-pane",
    },
    "ref": null,
    "rendered": Object {
      "instance": null,
      "key": undefined,
      "nodeType": "function",
      "props": Object {
        "children": Array [
          <h1>
            Well Shucks...
</h1>,
          <p>
            This page is where we, unfortunately, make up some cutesy reason to apologize for our site not working at the moment. In any case, we don't seem able to do the things at the moment.
</p>,
          <p>
            How about you 
            <Connect(Link)
                        to={
                                    Object {
                                                "type": "HOME_ROUTE",
                                              }
                        }
            >
                        head to the homepage
            </Connect(Link)>
             and try giving it another go?
</p>,
        ],
        "text": true,
      },
      "ref": null,
      "rendered": Array [
        Object {
          "instance": null,
          "key": undefined,
          "nodeType": "host",
          "props": Object {
            "children": "Well Shucks...",
          },
          "ref": null,
          "rendered": "Well Shucks...",
          "type": "h1",
        },
        Object {
          "instance": null,
          "key": undefined,
          "nodeType": "host",
          "props": Object {
            "children": "This page is where we, unfortunately, make up some cutesy reason to apologize for our site not working at the moment. In any case, we don't seem able to do the things at the moment.",
          },
          "ref": null,
          "rendered": "This page is where we, unfortunately, make up some cutesy reason to apologize for our site not working at the moment. In any case, we don't seem able to do the things at the moment.",
          "type": "p",
        },
        Object {
          "instance": null,
          "key": undefined,
          "nodeType": "host",
          "props": Object {
            "children": Array [
              "How about you ",
              <Connect(Link)
                to={
                                Object {
                                                "type": "HOME_ROUTE",
                                              }
                }
>
                head to the homepage
</Connect(Link)>,
              " and try giving it another go?",
            ],
          },
          "ref": null,
          "rendered": Array [
            "How about you ",
            Object {
              "instance": null,
              "key": undefined,
              "nodeType": "class",
              "props": Object {
                "children": "head to the homepage",
                "to": Object {
                  "type": "HOME_ROUTE",
                },
              },
              "ref": null,
              "rendered": "head to the homepage",
              "type": [Function],
            },
            " and try giving it another go?",
          ],
          "type": "p",
        },
      ],
      "type": [Function],
    },
    "type": "div",
  },
  Symbol(enzyme.__nodes__): Array [
    Object {
      "instance": null,
      "key": undefined,
      "nodeType": "host",
      "props": Object {
        "children": <Container
          text={true}
>
          <h1>
                    Well Shucks...
          </h1>
          <p>
                    This page is where we, unfortunately, make up some cutesy reason to apologize for our site not working at the moment. In any case, we don't seem able to do the things at the moment.
          </p>
          <p>
                    How about you 
                    <Connect(Link)
                              to={
                                        Object {
                                                  "type": "HOME_ROUTE",
                                                }
                              }
                    >
                              head to the homepage
                    </Connect(Link)>
                     and try giving it another go?
          </p>
</Container>,
        "id": "error-pane",
      },
      "ref": null,
      "rendered": Object {
        "instance": null,
        "key": undefined,
        "nodeType": "function",
        "props": Object {
          "children": Array [
            <h1>
              Well Shucks...
</h1>,
            <p>
              This page is where we, unfortunately, make up some cutesy reason to apologize for our site not working at the moment. In any case, we don't seem able to do the things at the moment.
</p>,
            <p>
              How about you 
              <Connect(Link)
                            to={
                                          Object {
                                                        "type": "HOME_ROUTE",
                                                      }
                            }
              >
                            head to the homepage
              </Connect(Link)>
               and try giving it another go?
</p>,
          ],
          "text": true,
        },
        "ref": null,
        "rendered": Array [
          Object {
            "instance": null,
            "key": undefined,
            "nodeType": "host",
            "props": Object {
              "children": "Well Shucks...",
            },
            "ref": null,
            "rendered": "Well Shucks...",
            "type": "h1",
          },
          Object {
            "instance": null,
            "key": undefined,
            "nodeType": "host",
            "props": Object {
              "children": "This page is where we, unfortunately, make up some cutesy reason to apologize for our site not working at the moment. In any case, we don't seem able to do the things at the moment.",
            },
            "ref": null,
            "rendered": "This page is where we, unfortunately, make up some cutesy reason to apologize for our site not working at the moment. In any case, we don't seem able to do the things at the moment.",
            "type": "p",
          },
          Object {
            "instance": null,
            "key": undefined,
            "nodeType": "host",
            "props": Object {
              "children": Array [
                "How about you ",
                <Connect(Link)
                  to={
                                    Object {
                                                      "type": "HOME_ROUTE",
                                                    }
                  }
>
                  head to the homepage
</Connect(Link)>,
                " and try giving it another go?",
              ],
            },
            "ref": null,
            "rendered": Array [
              "How about you ",
              Object {
                "instance": null,
                "key": undefined,
                "nodeType": "class",
                "props": Object {
                  "children": "head to the homepage",
                  "to": Object {
                    "type": "HOME_ROUTE",
                  },
                },
                "ref": null,
                "rendered": "head to the homepage",
                "type": [Function],
              },
              " and try giving it another go?",
            ],
            "type": "p",
          },
        ],
        "type": [Function],
      },
      "type": "div",
    },
  ],
  Symbol(enzyme.__options__): Object {
    "adapter": ReactSixteenAdapter {
      "options": Object {
        "enableComponentDidUpdateOnSetState": true,
        "lifecycles": Object {
          "componentDidUpdate": Object {
            "onSetState": true,
          },
          "getDerivedStateFromProps": true,
          "getSnapshotBeforeUpdate": true,
          "setState": Object {
            "skipsComponentDidUpdateOnNullish": true,
          },
        },
      },
    },
  },
}
`;
