// Jest Snapshot v1, https://goo.gl/fbAQLP

exports[`<NodesList /> renders according to snapshot 1`] = `
ShallowWrapper {
  Symbol(enzyme.__root__): [Circular],
  Symbol(enzyme.__unrendered__): <NodesList
    nodes={
      Array [
        Object {
          "chapter_id": 15,
          "content": "\`\`\` javascript(path)
import React, { Component } from 'react';",
          "id": 1892,
          "node_type": "code_block",
        },
        Object {
          "chapter_id": 15,
          "content": "Here is some text",
          "id": 1893,
          "node_type": "paragraph",
        },
      ]
    }
  />,
  Symbol(enzyme.__renderer__): Object {
    "batchedUpdates": [Function],
    "getNode": [Function],
    "render": [Function],
    "simulateError": [Function],
    "simulateEvent": [Function],
    "unmount": [Function],
  },
  Symbol(enzyme.__node__): Object {
    "instance": null,
    "key": undefined,
    "nodeType": "host",
    "props": Object {
      "children": Array [
        <CodeExample
          node={
            Object {
              "chapter_id": 15,
              "content": "\`\`\` javascript(path)
import React, { Component } from 'react';",
              "id": 1892,
              "node_type": "code_block",
            }
          }
        />,
        <ReactDOMFragment
          dangerouslySetInnerHTML={
            Object {
              "__html": "<p>Here is some text</p>
",
            }
          }
        />,
      ],
      "id": "nodes-list",
    },
    "ref": null,
    "rendered": Array [
      Object {
        "instance": null,
        "key": "node_1892",
        "nodeType": "class",
        "props": Object {
          "node": Object {
            "chapter_id": 15,
            "content": "\`\`\` javascript(path)
import React, { Component } from 'react';",
            "id": 1892,
            "node_type": "code_block",
          },
        },
        "ref": null,
        "rendered": null,
        "type": [Function],
      },
      Object {
        "instance": null,
        "key": "node_1893",
        "nodeType": "class",
        "props": Object {
          "dangerouslySetInnerHTML": Object {
            "__html": "<p>Here is some text</p>
",
          },
        },
        "ref": null,
        "rendered": null,
        "type": [Function],
      },
    ],
    "type": "div",
  },
  Symbol(enzyme.__nodes__): Array [
    Object {
      "instance": null,
      "key": undefined,
      "nodeType": "host",
      "props": Object {
        "children": Array [
          <CodeExample
            node={
              Object {
                "chapter_id": 15,
                "content": "\`\`\` javascript(path)
import React, { Component } from 'react';",
                "id": 1892,
                "node_type": "code_block",
              }
            }
          />,
          <ReactDOMFragment
            dangerouslySetInnerHTML={
              Object {
                "__html": "<p>Here is some text</p>
",
              }
            }
          />,
        ],
        "id": "nodes-list",
      },
      "ref": null,
      "rendered": Array [
        Object {
          "instance": null,
          "key": "node_1892",
          "nodeType": "class",
          "props": Object {
            "node": Object {
              "chapter_id": 15,
              "content": "\`\`\` javascript(path)
import React, { Component } from 'react';",
              "id": 1892,
              "node_type": "code_block",
            },
          },
          "ref": null,
          "rendered": null,
          "type": [Function],
        },
        Object {
          "instance": null,
          "key": "node_1893",
          "nodeType": "class",
          "props": Object {
            "dangerouslySetInnerHTML": Object {
              "__html": "<p>Here is some text</p>
",
            },
          },
          "ref": null,
          "rendered": null,
          "type": [Function],
        },
      ],
      "type": "div",
    },
  ],
  Symbol(enzyme.__options__): Object {
    "adapter": ReactSixteenAdapter {
      "options": Object {
        "enableComponentDidUpdateOnSetState": true,
        "lifecycles": Object {
          "componentDidUpdate": Object {
            "onSetState": true,
          },
          "getDerivedStateFromProps": true,
          "getSnapshotBeforeUpdate": true,
          "setState": Object {
            "skipsComponentDidUpdateOnNullish": true,
          },
        },
      },
    },
  },
}
`;
